// Jest Snapshot v1, https://goo.gl/fbAQLP

exports[`FilmList component should be render demo data (6 elements) 1`] = `
<div
  className="filmList-0-2-1"
>
  <FilmTile
    filmData={
      Object {
        "date": "1995",
        "description": "Four interlocking tales that take place in a fading hotel on New Year's Eve.",
        "genre": "Comedy",
        "img": "https://m.media-amazon.com/images/M/MV5BNDc3Y2YwMjUtYzlkMi00MTljLTg1ZGMtYzUwODljZTI1OTZjXkEyXkFqcGdeQXVyMTQxNzMzNDI@._V1_.jpg",
        "length": "98",
        "rating": "6.8",
        "title": "Four Rooms",
      }
    }
    key="0"
    onClick={[Function]}
  />
  <FilmTile
    filmData={
      Object {
        "date": "1997",
        "description": "A middle-aged woman finds herself in the middle of a huge conflict that will either make her a profit or cost her life.",
        "genre": "Crime, Drama, Thriller",
        "img": "https://m.media-amazon.com/images/M/MV5BNmY5ODRmYTItNWU0Ni00MWE3LTgyYzUtYjZlN2Q5YTcyM2NmXkEyXkFqcGdeQXVyNjU0OTQ0OTY@._V1_SY1000_CR0,0,683,1000_AL_.jpg",
        "length": "154",
        "rating": "7.5",
        "title": "Jackie Brown",
      }
    }
    key="1"
    onClick={[Function]}
  />
  <FilmTile
    filmData={
      Object {
        "date": "2003",
        "description": "After awakening from a four-year coma, a former assassin wreaks vengeance on the team of assassins who betrayed her.",
        "genre": "Action, Crime, Thriller",
        "img": "https://m.media-amazon.com/images/M/MV5BNzM3NDFhYTAtYmU5Mi00NGRmLTljYjgtMDkyODQ4MjNkMGY2XkEyXkFqcGdeQXVyNzkwMjQ5NzM@._V1_.jpg",
        "length": "111",
        "rating": "8.1",
        "title": "Kill Bill: Vol. 1",
      }
    }
    key="2"
    onClick={[Function]}
  />
  <FilmTile
    filmData={
      Object {
        "date": "1994",
        "description": "The lives of two mob hitmen, a boxer, a gangster and his wife, and a pair of diner bandits intertwine in four tales of violence and redemption.",
        "genre": "Crime, Drama",
        "img": "https://m.media-amazon.com/images/M/MV5BNGNhMDIzZTUtNTBlZi00MTRlLWFjM2ItYzViMjE3YzI5MjljXkEyXkFqcGdeQXVyNzkwMjQ5NzM@._V1_SY1000_CR0,0,686,1000_AL_.jpg",
        "length": "154",
        "rating": "8.9",
        "title": "Pulp Fiction",
      }
    }
    key="3"
    onClick={[Function]}
  />
  <FilmTile
    filmData={
      Object {
        "date": "1992",
        "description": "When a simple jewelry heist goes horribly wrong, the surviving criminals begin to suspect that one of them is a police informant.",
        "genre": "Crime, Drama, Thriller",
        "img": "https://m.media-amazon.com/images/M/MV5BZmExNmEwYWItYmQzOS00YjA5LTk2MjktZjEyZDE1Y2QxNjA1XkEyXkFqcGdeQXVyMTQxNzMzNDI@._V1_.jpg",
        "length": "94",
        "rating": "8.3",
        "title": "Reservoir Dogs",
      }
    }
    key="4"
    onClick={[Function]}
  />
  <FilmTile
    filmData={
      Object {
        "date": "2004",
        "description": "The Bride continues her quest of vengeance against her former boss and lover Bill, the reclusive bouncer Budd, and the treacherous, one-eyed Elle.",
        "genre": "Action, Crime, Thriller",
        "img": "https://m.media-amazon.com/images/M/MV5BNmFiYmJmN2QtNWQwMi00MzliLThiOWMtZjQxNGRhZTQ1MjgyXkEyXkFqcGdeQXVyNzQ1ODk3MTQ@._V1_.jpg",
        "length": "137",
        "rating": "8.0",
        "title": "Kill Bill: Vol. 2",
      }
    }
    key="5"
    onClick={[Function]}
  />
</div>
`;

exports[`FilmList component should be render text "No films found" 1`] = `
<div
  className="empty-0-2-2"
>
  No films found
</div>
`;
